{
  "version": "1.5.0",
  "plugins_used": [
    {
      "name": "ArtifactoryDetector"
    },
    {
      "name": "AWSKeyDetector"
    },
    {
      "name": "AzureStorageKeyDetector"
    },
    {
      "name": "Base64HighEntropyString",
      "limit": 4.5
    },
    {
      "name": "BasicAuthDetector"
    },
    {
      "name": "CloudantDetector"
    },
    {
      "name": "DiscordBotTokenDetector"
    },
    {
      "name": "GitHubTokenDetector"
    },
    {
      "name": "GitLabTokenDetector"
    },
    {
      "name": "HexHighEntropyString",
      "limit": 3.0
    },
    {
      "name": "IbmCloudIamDetector"
    },
    {
      "name": "IbmCosHmacDetector"
    },
    {
      "name": "IPPublicDetector"
    },
    {
      "name": "JwtTokenDetector"
    },
    {
      "name": "MailchimpDetector"
    },
    {
      "name": "NpmDetector"
    },
    {
      "name": "OpenAIDetector"
    },
    {
      "name": "PrivateKeyDetector"
    },
    {
      "name": "PypiTokenDetector"
    },
    {
      "name": "SendGridDetector"
    },
    {
      "name": "SlackDetector"
    },
    {
      "name": "SoftlayerDetector"
    },
    {
      "name": "SquareOAuthDetector"
    },
    {
      "name": "StripeDetector"
    },
    {
      "name": "TelegramBotTokenDetector"
    },
    {
      "name": "TwilioKeyDetector"
    }
  ],
  "filters_used": [
    {
      "path": "detect_secrets.filters.allowlist.is_line_allowlisted"
    },
    {
      "path": "detect_secrets.filters.common.is_ignored_due_to_verification_policies",
      "min_level": 2
    },
    {
      "path": "detect_secrets.filters.heuristic.is_indirect_reference"
    },
    {
      "path": "detect_secrets.filters.heuristic.is_likely_id_string"
    },
    {
      "path": "detect_secrets.filters.heuristic.is_lock_file"
    },
    {
      "path": "detect_secrets.filters.heuristic.is_not_alphanumeric_string"
    },
    {
      "path": "detect_secrets.filters.heuristic.is_potential_uuid"
    },
    {
      "path": "detect_secrets.filters.heuristic.is_prefixed_with_dollar_sign"
    },
    {
      "path": "detect_secrets.filters.heuristic.is_sequential_string"
    },
    {
      "path": "detect_secrets.filters.heuristic.is_swagger_file"
    },
    {
      "path": "detect_secrets.filters.heuristic.is_templated_secret"
    },
    {
      "path": "detect_secrets.filters.regex.should_exclude_file",
      "pattern": [
        "pyproject\\.toml|\\.github/workflows/config/\\.secrets\\.baseline"
      ]
    }
  ],
  "results": {
    "benchmarks/harmbench/calibrate_copyright.py": [
      {
        "type": "Hex High Entropy String",
        "filename": "benchmarks/harmbench/calibrate_copyright.py",
        "hashed_secret": "f9eef2ff3b83d6f1a97c8f06c1f6eeadabb3b9db",
        "is_verified": false,
        "line_number": 25
      }
    ],
    "benchmarks/harmbench/calibrate_pap_generation.py": [
      {
        "type": "Hex High Entropy String",
        "filename": "benchmarks/harmbench/calibrate_pap_generation.py",
        "hashed_secret": "847039e0b44c414433a969f91a38d64312c851a6",
        "is_verified": false,
        "line_number": 21
      }
    ],
    "benchmarks/harmbench/calibrate_zero_shot_generation.py": [
      {
        "type": "Hex High Entropy String",
        "filename": "benchmarks/harmbench/calibrate_zero_shot_generation.py",
        "hashed_secret": "ebe540ec10c03e6e9f54f9f10eb55c8e0b3682ff",
        "is_verified": false,
        "line_number": 25
      }
    ],
    "benchmarks/harmbench/evidence/qwen-multimodal/direct-classifier-calibration-summary.json": [
      {
        "type": "Hex High Entropy String",
        "filename": "benchmarks/harmbench/evidence/qwen-multimodal/direct-classifier-calibration-summary.json",
        "hashed_secret": "f01c8c5ae497b570281bcef0bc319459579ab62f",
        "is_verified": false,
        "line_number": 3
      },
      {
        "type": "Hex High Entropy String",
        "filename": "benchmarks/harmbench/evidence/qwen-multimodal/direct-classifier-calibration-summary.json",
        "hashed_secret": "912c5c4b4a214fd07398948b0418d13737485a6f",
        "is_verified": false,
        "line_number": 27
      }
    ],
    "benchmarks/harmbench/evidence/qwen-multimodal/direct-reverify-comparison.json": [
      {
        "type": "Hex High Entropy String",
        "filename": "benchmarks/harmbench/evidence/qwen-multimodal/direct-reverify-comparison.json",
        "hashed_secret": "8a366c04e0aa9d5850fb473c81c1d9d0e49a5f97",
        "is_verified": false,
        "line_number": 6
      },
      {
        "type": "Hex High Entropy String",
        "filename": "benchmarks/harmbench/evidence/qwen-multimodal/direct-reverify-comparison.json",
        "hashed_secret": "912c5c4b4a214fd07398948b0418d13737485a6f",
        "is_verified": false,
        "line_number": 7
      }
    ],
    "benchmarks/harmbench/evidence/qwen-multimodal/direct-run-manifest.json": [
      {
        "type": "Hex High Entropy String",
        "filename": "benchmarks/harmbench/evidence/qwen-multimodal/direct-run-manifest.json",
        "hashed_secret": "f01c8c5ae497b570281bcef0bc319459579ab62f",
        "is_verified": false,
        "line_number": 4
      },
      {
        "type": "Hex High Entropy String",
        "filename": "benchmarks/harmbench/evidence/qwen-multimodal/direct-run-manifest.json",
        "hashed_secret": "79b3f08eddc1c483f8859d17dbc5aee66d621645",
        "is_verified": false,
        "line_number": 72
      },
      {
        "type": "Hex High Entropy String",
        "filename": "benchmarks/harmbench/evidence/qwen-multimodal/direct-run-manifest.json",
        "hashed_secret": "3104f244c00d92eae447d6178e870602da1d1b0a",
        "is_verified": false,
        "line_number": 74
      },
      {
        "type": "Hex High Entropy String",
        "filename": "benchmarks/harmbench/evidence/qwen-multimodal/direct-run-manifest.json",
        "hashed_secret": "f25afe73be39ad6fa0c1f06af8f6fa59f2b3fde4",
        "is_verified": false,
        "line_number": 76
      },
      {
        "type": "Hex High Entropy String",
        "filename": "benchmarks/harmbench/evidence/qwen-multimodal/direct-run-manifest.json",
        "hashed_secret": "244f421f896bdcdd2784dccf4eaf7c8dfd5189b5",
        "is_verified": false,
        "line_number": 77
      },
      {
        "type": "Hex High Entropy String",
        "filename": "benchmarks/harmbench/evidence/qwen-multimodal/direct-run-manifest.json",
        "hashed_secret": "445c6a971e8ad27aadeee11746ff68347a35dea8",
        "is_verified": false,
        "line_number": 79
      },
      {
        "type": "Hex High Entropy String",
        "filename": "benchmarks/harmbench/evidence/qwen-multimodal/direct-run-manifest.json",
        "hashed_secret": "9256d8ff0d9c793754dc5fd5bcd25d5b8f44f408",
        "is_verified": false,
        "line_number": 81
      },
      {
        "type": "Hex High Entropy String",
        "filename": "benchmarks/harmbench/evidence/qwen-multimodal/direct-run-manifest.json",
        "hashed_secret": "912c5c4b4a214fd07398948b0418d13737485a6f",
        "is_verified": false,
        "line_number": 82
      },
      {
        "type": "Hex High Entropy String",
        "filename": "benchmarks/harmbench/evidence/qwen-multimodal/direct-run-manifest.json",
        "hashed_secret": "4d5c3ebf628588f253d00123e0a42b2978c89956",
        "is_verified": false,
        "line_number": 83
      },
      {
        "type": "Hex High Entropy String",
        "filename": "benchmarks/harmbench/evidence/qwen-multimodal/direct-run-manifest.json",
        "hashed_secret": "f9eef2ff3b83d6f1a97c8f06c1f6eeadabb3b9db",
        "is_verified": false,
        "line_number": 84
      }
    ],
    "benchmarks/harmbench/evidence/qwen-multimodal/render-text-classifier-calibration-summary.json": [
      {
        "type": "Hex High Entropy String",
        "filename": "benchmarks/harmbench/evidence/qwen-multimodal/render-text-classifier-calibration-summary.json",
        "hashed_secret": "f01c8c5ae497b570281bcef0bc319459579ab62f",
        "is_verified": false,
        "line_number": 3
      },
      {
        "type": "Hex High Entropy String",
        "filename": "benchmarks/harmbench/evidence/qwen-multimodal/render-text-classifier-calibration-summary.json",
        "hashed_secret": "138f3f41bb93d7b692b94f9f0bf88c7e3b3782b5",
        "is_verified": false,
        "line_number": 27
      }
    ],
    "benchmarks/harmbench/evidence/qwen-multimodal/render-text-reverify-comparison.json": [
      {
        "type": "Hex High Entropy String",
        "filename": "benchmarks/harmbench/evidence/qwen-multimodal/render-text-reverify-comparison.json",
        "hashed_secret": "c00f9f89746c5372a615193130208d6a99ef5a6b",
        "is_verified": false,
        "line_number": 6
      },
      {
        "type": "Hex High Entropy String",
        "filename": "benchmarks/harmbench/evidence/qwen-multimodal/render-text-reverify-comparison.json",
        "hashed_secret": "138f3f41bb93d7b692b94f9f0bf88c7e3b3782b5",
        "is_verified": false,
        "line_number": 7
      }
    ],
    "benchmarks/harmbench/evidence/qwen-multimodal/render-text-run-manifest.json": [
      {
        "type": "Hex High Entropy String",
        "filename": "benchmarks/harmbench/evidence/qwen-multimodal/render-text-run-manifest.json",
        "hashed_secret": "f01c8c5ae497b570281bcef0bc319459579ab62f",
        "is_verified": false,
        "line_number": 4
      },
      {
        "type": "Hex High Entropy String",
        "filename": "benchmarks/harmbench/evidence/qwen-multimodal/render-text-run-manifest.json",
        "hashed_secret": "862d04a5d3aa374d6ce919609eb541ac472eb656",
        "is_verified": false,
        "line_number": 72
      },
      {
        "type": "Hex High Entropy String",
        "filename": "benchmarks/harmbench/evidence/qwen-multimodal/render-text-run-manifest.json",
        "hashed_secret": "96ec9dd4c58429bbbce5c9ad09e1843e27ead768",
        "is_verified": false,
        "line_number": 74
      },
      {
        "type": "Hex High Entropy String",
        "filename": "benchmarks/harmbench/evidence/qwen-multimodal/render-text-run-manifest.json",
        "hashed_secret": "72ad85e9574f33f44bd723ce9686fbf85c7a09c6",
        "is_verified": false,
        "line_number": 76
      },
      {
        "type": "Hex High Entropy String",
        "filename": "benchmarks/harmbench/evidence/qwen-multimodal/render-text-run-manifest.json",
        "hashed_secret": "244f421f896bdcdd2784dccf4eaf7c8dfd5189b5",
        "is_verified": false,
        "line_number": 77
      },
      {
        "type": "Hex High Entropy String",
        "filename": "benchmarks/harmbench/evidence/qwen-multimodal/render-text-run-manifest.json",
        "hashed_secret": "3283b74d9affe0d9b447b459149f823f8918f8ea",
        "is_verified": false,
        "line_number": 79
      },
      {
        "type": "Hex High Entropy String",
        "filename": "benchmarks/harmbench/evidence/qwen-multimodal/render-text-run-manifest.json",
        "hashed_secret": "3fb4c6da72c9b43b1192b3f1c6948c6bf2ddb737",
        "is_verified": false,
        "line_number": 81
      },
      {
        "type": "Hex High Entropy String",
        "filename": "benchmarks/harmbench/evidence/qwen-multimodal/render-text-run-manifest.json",
        "hashed_secret": "138f3f41bb93d7b692b94f9f0bf88c7e3b3782b5",
        "is_verified": false,
        "line_number": 82
      },
      {
        "type": "Hex High Entropy String",
        "filename": "benchmarks/harmbench/evidence/qwen-multimodal/render-text-run-manifest.json",
        "hashed_secret": "4540aeb28ec6bfa33b48aaaedc1c7566598aa821",
        "is_verified": false,
        "line_number": 83
      },
      {
        "type": "Hex High Entropy String",
        "filename": "benchmarks/harmbench/evidence/qwen-multimodal/render-text-run-manifest.json",
        "hashed_secret": "f9eef2ff3b83d6f1a97c8f06c1f6eeadabb3b9db",
        "is_verified": false,
        "line_number": 84
      }
    ],
    "benchmarks/harmbench/evidence/qwen-whitebox-pgd/receipt-set-hash-migration.json": [
      {
        "type": "Hex High Entropy String",
        "filename": "benchmarks/harmbench/evidence/qwen-whitebox-pgd/receipt-set-hash-migration.json",
        "hashed_secret": "71809a62d7d380aaf551934f2c25f4b0bd517c40",
        "is_verified": false,
        "line_number": 9
      },
      {
        "type": "Hex High Entropy String",
        "filename": "benchmarks/harmbench/evidence/qwen-whitebox-pgd/receipt-set-hash-migration.json",
        "hashed_secret": "38608e0d9e57385beca933639ff66a0997ece1cf",
        "is_verified": false,
        "line_number": 15
      }
    ],
    "benchmarks/harmbench/evidence/ultra-pap-top5/classifier-calibration-summary.json": [
      {
        "type": "Hex High Entropy String",
        "filename": "benchmarks/harmbench/evidence/ultra-pap-top5/classifier-calibration-summary.json",
        "hashed_secret": "f01c8c5ae497b570281bcef0bc319459579ab62f",
        "is_verified": false,
        "line_number": 3
      },
      {
        "type": "Hex High Entropy String",
        "filename": "benchmarks/harmbench/evidence/ultra-pap-top5/classifier-calibration-summary.json",
        "hashed_secret": "da54d652c5d9b0e272a3223b5ffb578e54a8bdbc",
        "is_verified": false,
        "line_number": 27
      }
    ],
    "benchmarks/harmbench/evidence/ultra-pap-top5/copyright-upstream-control.json": [
      {
        "type": "Hex High Entropy String",
        "filename": "benchmarks/harmbench/evidence/ultra-pap-top5/copyright-upstream-control.json",
        "hashed_secret": "27e93ac0999e5b7b2189e2799fae020b6d9f6ef6",
        "is_verified": false,
        "line_number": 3
      },
      {
        "type": "Hex High Entropy String",
        "filename": "benchmarks/harmbench/evidence/ultra-pap-top5/copyright-upstream-control.json",
        "hashed_secret": "da54d652c5d9b0e272a3223b5ffb578e54a8bdbc",
        "is_verified": false,
        "line_number": 6
      },
      {
        "type": "Hex High Entropy String",
        "filename": "benchmarks/harmbench/evidence/ultra-pap-top5/copyright-upstream-control.json",
        "hashed_secret": "f9eef2ff3b83d6f1a97c8f06c1f6eeadabb3b9db",
        "is_verified": false,
        "line_number": 14
      }
    ],
    "benchmarks/harmbench/evidence/ultra-pap-top5/generation-receipt.json": [
      {
        "type": "Hex High Entropy String",
        "filename": "benchmarks/harmbench/evidence/ultra-pap-top5/generation-receipt.json",
        "hashed_secret": "c2ecdeec0864921ccf269abd556b1fad2c4453a4",
        "is_verified": false,
        "line_number": 3
      },
      {
        "type": "Hex High Entropy String",
        "filename": "benchmarks/harmbench/evidence/ultra-pap-top5/generation-receipt.json",
        "hashed_secret": "27e93ac0999e5b7b2189e2799fae020b6d9f6ef6",
        "is_verified": false,
        "line_number": 6
      },
      {
        "type": "Hex High Entropy String",
        "filename": "benchmarks/harmbench/evidence/ultra-pap-top5/generation-receipt.json",
        "hashed_secret": "67d8a2d5c959b8b849b1302911e1731d9d52a32b",
        "is_verified": false,
        "line_number": 8
      },
      {
        "type": "Hex High Entropy String",
        "filename": "benchmarks/harmbench/evidence/ultra-pap-top5/generation-receipt.json",
        "hashed_secret": "5076bda527ff470467ad6ad6839049b8d9627547",
        "is_verified": false,
        "line_number": 13
      },
      {
        "type": "Hex High Entropy String",
        "filename": "benchmarks/harmbench/evidence/ultra-pap-top5/generation-receipt.json",
        "hashed_secret": "2e0329a9ab25e235374df6bf0adf5af1d826701a",
        "is_verified": false,
        "line_number": 22
      },
      {
        "type": "Hex High Entropy String",
        "filename": "benchmarks/harmbench/evidence/ultra-pap-top5/generation-receipt.json",
        "hashed_secret": "8656ecb0928b1d97e5e84e685542de37bf07372e",
        "is_verified": false,
        "line_number": 24
      },
      {
        "type": "Hex High Entropy String",
        "filename": "benchmarks/harmbench/evidence/ultra-pap-top5/generation-receipt.json",
        "hashed_secret": "f9eef2ff3b83d6f1a97c8f06c1f6eeadabb3b9db",
        "is_verified": false,
        "line_number": 26
      }
    ],
    "benchmarks/harmbench/evidence/ultra-pap-top5/generation-upstream-control.json": [
      {
        "type": "Hex High Entropy String",
        "filename": "benchmarks/harmbench/evidence/ultra-pap-top5/generation-upstream-control.json",
        "hashed_secret": "7ce81baa78caee93509487c13ba81a2f00da2eee",
        "is_verified": false,
        "line_number": 4
      },
      {
        "type": "Hex High Entropy String",
        "filename": "benchmarks/harmbench/evidence/ultra-pap-top5/generation-upstream-control.json",
        "hashed_secret": "c2ecdeec0864921ccf269abd556b1fad2c4453a4",
        "is_verified": false,
        "line_number": 5
      },
      {
        "type": "Hex High Entropy String",
        "filename": "benchmarks/harmbench/evidence/ultra-pap-top5/generation-upstream-control.json",
        "hashed_secret": "27e93ac0999e5b7b2189e2799fae020b6d9f6ef6",
        "is_verified": false,
        "line_number": 7
      },
      {
        "type": "Hex High Entropy String",
        "filename": "benchmarks/harmbench/evidence/ultra-pap-top5/generation-upstream-control.json",
        "hashed_secret": "67d8a2d5c959b8b849b1302911e1731d9d52a32b",
        "is_verified": false,
        "line_number": 9
      },
      {
        "type": "Hex High Entropy String",
        "filename": "benchmarks/harmbench/evidence/ultra-pap-top5/generation-upstream-control.json",
        "hashed_secret": "8656ecb0928b1d97e5e84e685542de37bf07372e",
        "is_verified": false,
        "line_number": 10
      },
      {
        "type": "Hex High Entropy String",
        "filename": "benchmarks/harmbench/evidence/ultra-pap-top5/generation-upstream-control.json",
        "hashed_secret": "5076bda527ff470467ad6ad6839049b8d9627547",
        "is_verified": false,
        "line_number": 14
      },
      {
        "type": "Hex High Entropy String",
        "filename": "benchmarks/harmbench/evidence/ultra-pap-top5/generation-upstream-control.json",
        "hashed_secret": "2e0329a9ab25e235374df6bf0adf5af1d826701a",
        "is_verified": false,
        "line_number": 15
      },
      {
        "type": "Hex High Entropy String",
        "filename": "benchmarks/harmbench/evidence/ultra-pap-top5/generation-upstream-control.json",
        "hashed_secret": "847039e0b44c414433a969f91a38d64312c851a6",
        "is_verified": false,
        "line_number": 16
      },
      {
        "type": "Hex High Entropy String",
        "filename": "benchmarks/harmbench/evidence/ultra-pap-top5/generation-upstream-control.json",
        "hashed_secret": "f9eef2ff3b83d6f1a97c8f06c1f6eeadabb3b9db",
        "is_verified": false,
        "line_number": 17
      }
    ],
    "benchmarks/harmbench/evidence/ultra-pap-top5/run-manifest.json": [
      {
        "type": "Hex High Entropy String",
        "filename": "benchmarks/harmbench/evidence/ultra-pap-top5/run-manifest.json",
        "hashed_secret": "f01c8c5ae497b570281bcef0bc319459579ab62f",
        "is_verified": false,
        "line_number": 4
      },
      {
        "type": "Hex High Entropy String",
        "filename": "benchmarks/harmbench/evidence/ultra-pap-top5/run-manifest.json",
        "hashed_secret": "50927c0517e3c0b158d7c1543d214505798cf03e",
        "is_verified": false,
        "line_number": 87
      },
      {
        "type": "Hex High Entropy String",
        "filename": "benchmarks/harmbench/evidence/ultra-pap-top5/run-manifest.json",
        "hashed_secret": "e8fc1292d324d1795604ba10e3ba85a9f5c8db99",
        "is_verified": false,
        "line_number": 89
      },
      {
        "type": "Hex High Entropy String",
        "filename": "benchmarks/harmbench/evidence/ultra-pap-top5/run-manifest.json",
        "hashed_secret": "a99114f05018c2b19255f03fefcb49d561075aa6",
        "is_verified": false,
        "line_number": 90
      },
      {
        "type": "Hex High Entropy String",
        "filename": "benchmarks/harmbench/evidence/ultra-pap-top5/run-manifest.json",
        "hashed_secret": "7c0a22c589bc6f3df33231c50743ce899119773f",
        "is_verified": false,
        "line_number": 91
      },
      {
        "type": "Hex High Entropy String",
        "filename": "benchmarks/harmbench/evidence/ultra-pap-top5/run-manifest.json",
        "hashed_secret": "244f421f896bdcdd2784dccf4eaf7c8dfd5189b5",
        "is_verified": false,
        "line_number": 92
      },
      {
        "type": "Hex High Entropy String",
        "filename": "benchmarks/harmbench/evidence/ultra-pap-top5/run-manifest.json",
        "hashed_secret": "71a73f9ee6d8c988ecf7eaa7f1c8859213d2352b",
        "is_verified": false,
        "line_number": 93
      },
      {
        "type": "Hex High Entropy String",
        "filename": "benchmarks/harmbench/evidence/ultra-pap-top5/run-manifest.json",
        "hashed_secret": "eb0c7c80f5f7aea9c49e29ee37e1c4c77e359682",
        "is_verified": false,
        "line_number": 95
      },
      {
        "type": "Hex High Entropy String",
        "filename": "benchmarks/harmbench/evidence/ultra-pap-top5/run-manifest.json",
        "hashed_secret": "22db063ea6b57d68dac24a210a5aa7f5f50842fb",
        "is_verified": false,
        "line_number": 96
      },
      {
        "type": "Hex High Entropy String",
        "filename": "benchmarks/harmbench/evidence/ultra-pap-top5/run-manifest.json",
        "hashed_secret": "da54d652c5d9b0e272a3223b5ffb578e54a8bdbc",
        "is_verified": false,
        "line_number": 97
      },
      {
        "type": "Hex High Entropy String",
        "filename": "benchmarks/harmbench/evidence/ultra-pap-top5/run-manifest.json",
        "hashed_secret": "b441cceb4af2034f9d9ec8adf520bcac248c73dc",
        "is_verified": false,
        "line_number": 98
      },
      {
        "type": "Hex High Entropy String",
        "filename": "benchmarks/harmbench/evidence/ultra-pap-top5/run-manifest.json",
        "hashed_secret": "f9eef2ff3b83d6f1a97c8f06c1f6eeadabb3b9db",
        "is_verified": false,
        "line_number": 99
      }
    ],
    "benchmarks/harmbench/evidence/ultra-zeroshot/classifier-batch-effect-control.json": [
      {
        "type": "Hex High Entropy String",
        "filename": "benchmarks/harmbench/evidence/ultra-zeroshot/classifier-batch-effect-control.json",
        "hashed_secret": "2545df13712b501cfef3961c660c3c1124093e91",
        "is_verified": false,
        "line_number": 12
      },
      {
        "type": "Hex High Entropy String",
        "filename": "benchmarks/harmbench/evidence/ultra-zeroshot/classifier-batch-effect-control.json",
        "hashed_secret": "1f4e3d4bd5700f56e96b68c8948693177ad9cd9c",
        "is_verified": false,
        "line_number": 13
      },
      {
        "type": "Hex High Entropy String",
        "filename": "benchmarks/harmbench/evidence/ultra-zeroshot/classifier-batch-effect-control.json",
        "hashed_secret": "844addee1622b93ca226e8aeccac6bd52c2d21ea",
        "is_verified": false,
        "line_number": 17
      },
      {
        "type": "Hex High Entropy String",
        "filename": "benchmarks/harmbench/evidence/ultra-zeroshot/classifier-batch-effect-control.json",
        "hashed_secret": "43e88b1a078bcc8f5df7cf3f789c4be34bbec326",
        "is_verified": false,
        "line_number": 18
      }
    ],
    "benchmarks/harmbench/evidence/ultra-zeroshot/classifier-calibration-summary.json": [
      {
        "type": "Hex High Entropy String",
        "filename": "benchmarks/harmbench/evidence/ultra-zeroshot/classifier-calibration-summary.json",
        "hashed_secret": "f01c8c5ae497b570281bcef0bc319459579ab62f",
        "is_verified": false,
        "line_number": 3
      },
      {
        "type": "Hex High Entropy String",
        "filename": "benchmarks/harmbench/evidence/ultra-zeroshot/classifier-calibration-summary.json",
        "hashed_secret": "43e88b1a078bcc8f5df7cf3f789c4be34bbec326",
        "is_verified": false,
        "line_number": 49
      }
    ],
    "benchmarks/harmbench/evidence/ultra-zeroshot/copyright-upstream-control.json": [
      {
        "type": "Hex High Entropy String",
        "filename": "benchmarks/harmbench/evidence/ultra-zeroshot/copyright-upstream-control.json",
        "hashed_secret": "27e93ac0999e5b7b2189e2799fae020b6d9f6ef6",
        "is_verified": false,
        "line_number": 3
      },
      {
        "type": "Hex High Entropy String",
        "filename": "benchmarks/harmbench/evidence/ultra-zeroshot/copyright-upstream-control.json",
        "hashed_secret": "43e88b1a078bcc8f5df7cf3f789c4be34bbec326",
        "is_verified": false,
        "line_number": 6
      },
      {
        "type": "Hex High Entropy String",
        "filename": "benchmarks/harmbench/evidence/ultra-zeroshot/copyright-upstream-control.json",
        "hashed_secret": "f9eef2ff3b83d6f1a97c8f06c1f6eeadabb3b9db",
        "is_verified": false,
        "line_number": 14
      }
    ],
    "benchmarks/harmbench/evidence/ultra-zeroshot/generation-receipt.json": [
      {
        "type": "Hex High Entropy String",
        "filename": "benchmarks/harmbench/evidence/ultra-zeroshot/generation-receipt.json",
        "hashed_secret": "c2ecdeec0864921ccf269abd556b1fad2c4453a4",
        "is_verified": false,
        "line_number": 3
      },
      {
        "type": "Hex High Entropy String",
        "filename": "benchmarks/harmbench/evidence/ultra-zeroshot/generation-receipt.json",
        "hashed_secret": "27e93ac0999e5b7b2189e2799fae020b6d9f6ef6",
        "is_verified": false,
        "line_number": 6
      },
      {
        "type": "Hex High Entropy String",
        "filename": "benchmarks/harmbench/evidence/ultra-zeroshot/generation-receipt.json",
        "hashed_secret": "67d8a2d5c959b8b849b1302911e1731d9d52a32b",
        "is_verified": false,
        "line_number": 8
      },
      {
        "type": "Hex High Entropy String",
        "filename": "benchmarks/harmbench/evidence/ultra-zeroshot/generation-receipt.json",
        "hashed_secret": "1a686a6a7c6a837f320fd61af7d5e41a997d247f",
        "is_verified": false,
        "line_number": 25
      },
      {
        "type": "Hex High Entropy String",
        "filename": "benchmarks/harmbench/evidence/ultra-zeroshot/generation-receipt.json",
        "hashed_secret": "f9eef2ff3b83d6f1a97c8f06c1f6eeadabb3b9db",
        "is_verified": false,
        "line_number": 27
      }
    ],
    "benchmarks/harmbench/evidence/ultra-zeroshot/generation-upstream-control.json": [
      {
        "type": "Hex High Entropy String",
        "filename": "benchmarks/harmbench/evidence/ultra-zeroshot/generation-upstream-control.json",
        "hashed_secret": "56f24960152f635d9c5e9b6af46960e09cf5dfe2",
        "is_verified": false,
        "line_number": 4
      },
      {
        "type": "Hex High Entropy String",
        "filename": "benchmarks/harmbench/evidence/ultra-zeroshot/generation-upstream-control.json",
        "hashed_secret": "c2ecdeec0864921ccf269abd556b1fad2c4453a4",
        "is_verified": false,
        "line_number": 5
      },
      {
        "type": "Hex High Entropy String",
        "filename": "benchmarks/harmbench/evidence/ultra-zeroshot/generation-upstream-control.json",
        "hashed_secret": "27e93ac0999e5b7b2189e2799fae020b6d9f6ef6",
        "is_verified": false,
        "line_number": 7
      },
      {
        "type": "Hex High Entropy String",
        "filename": "benchmarks/harmbench/evidence/ultra-zeroshot/generation-upstream-control.json",
        "hashed_secret": "67d8a2d5c959b8b849b1302911e1731d9d52a32b",
        "is_verified": false,
        "line_number": 9
      },
      {
        "type": "Hex High Entropy String",
        "filename": "benchmarks/harmbench/evidence/ultra-zeroshot/generation-upstream-control.json",
        "hashed_secret": "1a686a6a7c6a837f320fd61af7d5e41a997d247f",
        "is_verified": false,
        "line_number": 10
      },
      {
        "type": "Hex High Entropy String",
        "filename": "benchmarks/harmbench/evidence/ultra-zeroshot/generation-upstream-control.json",
        "hashed_secret": "ebe540ec10c03e6e9f54f9f10eb55c8e0b3682ff",
        "is_verified": false,
        "line_number": 14
      },
      {
        "type": "Hex High Entropy String",
        "filename": "benchmarks/harmbench/evidence/ultra-zeroshot/generation-upstream-control.json",
        "hashed_secret": "f9eef2ff3b83d6f1a97c8f06c1f6eeadabb3b9db",
        "is_verified": false,
        "line_number": 15
      }
    ],
    "benchmarks/harmbench/evidence/ultra-zeroshot/run-manifest.json": [
      {
        "type": "Hex High Entropy String",
        "filename": "benchmarks/harmbench/evidence/ultra-zeroshot/run-manifest.json",
        "hashed_secret": "f01c8c5ae497b570281bcef0bc319459579ab62f",
        "is_verified": false,
        "line_number": 4
      },
      {
        "type": "Hex High Entropy String",
        "filename": "benchmarks/harmbench/evidence/ultra-zeroshot/run-manifest.json",
        "hashed_secret": "d0c61ac0514c5a7a5cc3c755423df3e7a310b338",
        "is_verified": false,
        "line_number": 87
      },
      {
        "type": "Hex High Entropy String",
        "filename": "benchmarks/harmbench/evidence/ultra-zeroshot/run-manifest.json",
        "hashed_secret": "e46b642a21ffe58b1ef256c8f8dcdb65830e013d",
        "is_verified": false,
        "line_number": 88
      },
      {
        "type": "Hex High Entropy String",
        "filename": "benchmarks/harmbench/evidence/ultra-zeroshot/run-manifest.json",
        "hashed_secret": "2545df13712b501cfef3961c660c3c1124093e91",
        "is_verified": false,
        "line_number": 89
      },
      {
        "type": "Hex High Entropy String",
        "filename": "benchmarks/harmbench/evidence/ultra-zeroshot/run-manifest.json",
        "hashed_secret": "c7e4b61292aaf6873ac5c9acd0ec1d71de171aa0",
        "is_verified": false,
        "line_number": 90
      },
      {
        "type": "Hex High Entropy String",
        "filename": "benchmarks/harmbench/evidence/ultra-zeroshot/run-manifest.json",
        "hashed_secret": "b50feaaf6794d172aa6da27119f9b199a492ec46",
        "is_verified": false,
        "line_number": 91
      },
      {
        "type": "Hex High Entropy String",
        "filename": "benchmarks/harmbench/evidence/ultra-zeroshot/run-manifest.json",
        "hashed_secret": "244f421f896bdcdd2784dccf4eaf7c8dfd5189b5",
        "is_verified": false,
        "line_number": 92
      },
      {
        "type": "Hex High Entropy String",
        "filename": "benchmarks/harmbench/evidence/ultra-zeroshot/run-manifest.json",
        "hashed_secret": "4829cb502bf024f96067b2aa9b55416555bb9979",
        "is_verified": false,
        "line_number": 93
      },
      {
        "type": "Hex High Entropy String",
        "filename": "benchmarks/harmbench/evidence/ultra-zeroshot/run-manifest.json",
        "hashed_secret": "d9f8e0af77826c7ca2fa09a4e103fa1d82d624c4",
        "is_verified": false,
        "line_number": 95
      },
      {
        "type": "Hex High Entropy String",
        "filename": "benchmarks/harmbench/evidence/ultra-zeroshot/run-manifest.json",
        "hashed_secret": "8e5708e4e1b7790520a04c1f033ae6ca94b57e69",
        "is_verified": false,
        "line_number": 96
      },
      {
        "type": "Hex High Entropy String",
        "filename": "benchmarks/harmbench/evidence/ultra-zeroshot/run-manifest.json",
        "hashed_secret": "43e88b1a078bcc8f5df7cf3f789c4be34bbec326",
        "is_verified": false,
        "line_number": 97
      },
      {
        "type": "Hex High Entropy String",
        "filename": "benchmarks/harmbench/evidence/ultra-zeroshot/run-manifest.json",
        "hashed_secret": "02858a106c9d19bcc9a9704ecd624007aa079f5e",
        "is_verified": false,
        "line_number": 98
      },
      {
        "type": "Hex High Entropy String",
        "filename": "benchmarks/harmbench/evidence/ultra-zeroshot/run-manifest.json",
        "hashed_secret": "f9eef2ff3b83d6f1a97c8f06c1f6eeadabb3b9db",
        "is_verified": false,
        "line_number": 99
      }
    ],
    "benchmarks/harmbench/generate_direct_full.py": [
      {
        "type": "Hex High Entropy String",
        "filename": "benchmarks/harmbench/generate_direct_full.py",
        "hashed_secret": "554058600488e4323bd188a846f46623276f88ed",
        "is_verified": false,
        "line_number": 26
      }
    ],
    "benchmarks/harmbench/kimi_k3_whitebox.py": [
      {
        "type": "Hex High Entropy String",
        "filename": "benchmarks/harmbench/kimi_k3_whitebox.py",
        "hashed_secret": "474f486572472f50f357b533e5e06a1a19a3a963",
        "is_verified": false,
        "line_number": 24
      },
      {
        "type": "Base64 High Entropy String",
        "filename": "benchmarks/harmbench/kimi_k3_whitebox.py",
        "hashed_secret": "d3734e012c095be946c6dd81f9fa772975183ed1",
        "is_verified": false,
        "line_number": 31
      },
      {
        "type": "Hex High Entropy String",
        "filename": "benchmarks/harmbench/kimi_k3_whitebox.py",
        "hashed_secret": "bc6c4d37f6f9c27b03eef627797db50c87e7387b",
        "is_verified": false,
        "line_number": 41
      },
      {
        "type": "Hex High Entropy String",
        "filename": "benchmarks/harmbench/kimi_k3_whitebox.py",
        "hashed_secret": "a07abbf94933ff54ecf08dae7850e74c623543ce",
        "is_verified": false,
        "line_number": 48
      },
      {
        "type": "Hex High Entropy String",
        "filename": "benchmarks/harmbench/kimi_k3_whitebox.py",
        "hashed_secret": "f6b63dedc4e1382f22afbac06910f458a77f6d46",
        "is_verified": false,
        "line_number": 55
      }
    ],
    "benchmarks/harmbench/modal_pap.py": [
      {
        "type": "Hex High Entropy String",
        "filename": "benchmarks/harmbench/modal_pap.py",
        "hashed_secret": "f9eef2ff3b83d6f1a97c8f06c1f6eeadabb3b9db",
        "is_verified": false,
        "line_number": 118
      }
    ],
    "benchmarks/harmbench/modal_zero_shot.py": [
      {
        "type": "Hex High Entropy String",
        "filename": "benchmarks/harmbench/modal_zero_shot.py",
        "hashed_secret": "f9eef2ff3b83d6f1a97c8f06c1f6eeadabb3b9db",
        "is_verified": false,
        "line_number": 117
      }
    ],
    "benchmarks/harmbench/operations/kimi/kimi_k3_harmbench_multimodal_runner.py": [
      {
        "type": "Hex High Entropy String",
        "filename": "benchmarks/harmbench/operations/kimi/kimi_k3_harmbench_multimodal_runner.py",
        "hashed_secret": "f9eef2ff3b83d6f1a97c8f06c1f6eeadabb3b9db",
        "is_verified": false,
        "line_number": 25
      },
      {
        "type": "Hex High Entropy String",
        "filename": "benchmarks/harmbench/operations/kimi/kimi_k3_harmbench_multimodal_runner.py",
        "hashed_secret": "474f486572472f50f357b533e5e06a1a19a3a963",
        "is_verified": false,
        "line_number": 27
      },
      {
        "type": "Hex High Entropy String",
        "filename": "benchmarks/harmbench/operations/kimi/kimi_k3_harmbench_multimodal_runner.py",
        "hashed_secret": "bc6c4d37f6f9c27b03eef627797db50c87e7387b",
        "is_verified": false,
        "line_number": 32
      },
      {
        "type": "Hex High Entropy String",
        "filename": "benchmarks/harmbench/operations/kimi/kimi_k3_harmbench_multimodal_runner.py",
        "hashed_secret": "a07abbf94933ff54ecf08dae7850e74c623543ce",
        "is_verified": false,
        "line_number": 37
      },
      {
        "type": "Hex High Entropy String",
        "filename": "benchmarks/harmbench/operations/kimi/kimi_k3_harmbench_multimodal_runner.py",
        "hashed_secret": "f6b63dedc4e1382f22afbac06910f458a77f6d46",
        "is_verified": false,
        "line_number": 42
      }
    ],
    "benchmarks/harmbench/operations/kimi/kimi_k3_harmbench_text_runner.py": [
      {
        "type": "Hex High Entropy String",
        "filename": "benchmarks/harmbench/operations/kimi/kimi_k3_harmbench_text_runner.py",
        "hashed_secret": "f9eef2ff3b83d6f1a97c8f06c1f6eeadabb3b9db",
        "is_verified": false,
        "line_number": 21
      },
      {
        "type": "Hex High Entropy String",
        "filename": "benchmarks/harmbench/operations/kimi/kimi_k3_harmbench_text_runner.py",
        "hashed_secret": "474f486572472f50f357b533e5e06a1a19a3a963",
        "is_verified": false,
        "line_number": 23
      },
      {
        "type": "Hex High Entropy String",
        "filename": "benchmarks/harmbench/operations/kimi/kimi_k3_harmbench_text_runner.py",
        "hashed_secret": "07923248a95171f6d26a14e085f436048d5915fd",
        "is_verified": false,
        "line_number": 30
      },
      {
        "type": "Hex High Entropy String",
        "filename": "benchmarks/harmbench/operations/kimi/kimi_k3_harmbench_text_runner.py",
        "hashed_secret": "dc473c88b589e7ee3c728f6dc2e988892ce75760",
        "is_verified": false,
        "line_number": 35
      },
      {
        "type": "Hex High Entropy String",
        "filename": "benchmarks/harmbench/operations/kimi/kimi_k3_harmbench_text_runner.py",
        "hashed_secret": "6ac97a860265faa37f7b443a2a6d6ed45c311f3d",
        "is_verified": false,
        "line_number": 40
      },
      {
        "type": "Hex High Entropy String",
        "filename": "benchmarks/harmbench/operations/kimi/kimi_k3_harmbench_text_runner.py",
        "hashed_secret": "5c505e584efd58790d3867d7d40543e492b246c6",
        "is_verified": false,
        "line_number": 45
      },
      {
        "type": "Hex High Entropy String",
        "filename": "benchmarks/harmbench/operations/kimi/kimi_k3_harmbench_text_runner.py",
        "hashed_secret": "15c04fd8dcd88aec26e17931432c27c42f49c416",
        "is_verified": false,
        "line_number": 50
      },
      {
        "type": "Hex High Entropy String",
        "filename": "benchmarks/harmbench/operations/kimi/kimi_k3_harmbench_text_runner.py",
        "hashed_secret": "4407f8de074926464df3d1c6a2770a7cde394e5a",
        "is_verified": false,
        "line_number": 55
      },
      {
        "type": "Hex High Entropy String",
        "filename": "benchmarks/harmbench/operations/kimi/kimi_k3_harmbench_text_runner.py",
        "hashed_secret": "ad766441df819d7ac1bb0bc5efbd0438ad7abfc6",
        "is_verified": false,
        "line_number": 60
      },
      {
        "type": "Hex High Entropy String",
        "filename": "benchmarks/harmbench/operations/kimi/kimi_k3_harmbench_text_runner.py",
        "hashed_secret": "3f9020e4a9291ee1b7ebb17636ceaaaeb932b8f5",
        "is_verified": false,
        "line_number": 65
      }
    ],
    "benchmarks/harmbench/operations/kimi/kimi_k3_text_gradient.py": [
      {
        "type": "Hex High Entropy String",
        "filename": "benchmarks/harmbench/operations/kimi/kimi_k3_text_gradient.py",
        "hashed_secret": "474f486572472f50f357b533e5e06a1a19a3a963",
        "is_verified": false,
        "line_number": 15
      }
    ],
    "benchmarks/harmbench/operations/kimi/modal_kimi_k3_whitebox.py": [
      {
        "type": "Hex High Entropy String",
        "filename": "benchmarks/harmbench/operations/kimi/modal_kimi_k3_whitebox.py",
        "hashed_secret": "474f486572472f50f357b533e5e06a1a19a3a963",
        "is_verified": false,
        "line_number": 21
      },
      {
        "type": "Hex High Entropy String",
        "filename": "benchmarks/harmbench/operations/kimi/modal_kimi_k3_whitebox.py",
        "hashed_secret": "52bc1a3698c1da3b05bbfd0e4fad6bf65f64bf36",
        "is_verified": false,
        "line_number": 25
      },
      {
        "type": "Hex High Entropy String",
        "filename": "benchmarks/harmbench/operations/kimi/modal_kimi_k3_whitebox.py",
        "hashed_secret": "77b9cb495351a561aa657fb107221caf5386712e",
        "is_verified": false,
        "line_number": 26
      },
      {
        "type": "Hex High Entropy String",
        "filename": "benchmarks/harmbench/operations/kimi/modal_kimi_k3_whitebox.py",
        "hashed_secret": "bd055488daa30140fcb04adb9f22ee0dd5a4d6a8",
        "is_verified": false,
        "line_number": 27
      }
    ],
    "benchmarks/harmbench/operations/kimi/receipts/k3-text-gradient-20260919g-failure.json": [
      {
        "type": "Hex High Entropy String",
        "filename": "benchmarks/harmbench/operations/kimi/receipts/k3-text-gradient-20260919g-failure.json",
        "hashed_secret": "474f486572472f50f357b533e5e06a1a19a3a963",
        "is_verified": false,
        "line_number": 11
      },
      {
        "type": "Hex High Entropy String",
        "filename": "benchmarks/harmbench/operations/kimi/receipts/k3-text-gradient-20260919g-failure.json",
        "hashed_secret": "bd055488daa30140fcb04adb9f22ee0dd5a4d6a8",
        "is_verified": false,
        "line_number": 12
      }
    ],
    "benchmarks/harmbench/operations/kimi/verify_served_checkpoint.py": [
      {
        "type": "Hex High Entropy String",
        "filename": "benchmarks/harmbench/operations/kimi/verify_served_checkpoint.py",
        "hashed_secret": "474f486572472f50f357b533e5e06a1a19a3a963",
        "is_verified": false,
        "line_number": 15
      }
    ],
    "benchmarks/harmbench/operations/qwen/modal_hydrate_qwen_bf16.py": [
      {
        "type": "Hex High Entropy String",
        "filename": "benchmarks/harmbench/operations/qwen/modal_hydrate_qwen_bf16.py",
        "hashed_secret": "bbca3440067f610bcfa2980f7d68bc093fae93f1",
        "is_verified": false,
        "line_number": 17
      }
    ],
    "benchmarks/harmbench/operations/qwen/qwen_completion_worker.py": [
      {
        "type": "Hex High Entropy String",
        "filename": "benchmarks/harmbench/operations/qwen/qwen_completion_worker.py",
        "hashed_secret": "bbca3440067f610bcfa2980f7d68bc093fae93f1",
        "is_verified": false,
        "line_number": 21
      }
    ],
    "benchmarks/harmbench/operations/qwen/qwen_harmbench_worker.py": [
      {
        "type": "Hex High Entropy String",
        "filename": "benchmarks/harmbench/operations/qwen/qwen_harmbench_worker.py",
        "hashed_secret": "bbca3440067f610bcfa2980f7d68bc093fae93f1",
        "is_verified": false,
        "line_number": 22
      },
      {
        "type": "Hex High Entropy String",
        "filename": "benchmarks/harmbench/operations/qwen/qwen_harmbench_worker.py",
        "hashed_secret": "f9eef2ff3b83d6f1a97c8f06c1f6eeadabb3b9db",
        "is_verified": false,
        "line_number": 23
      },
      {
        "type": "Hex High Entropy String",
        "filename": "benchmarks/harmbench/operations/qwen/qwen_harmbench_worker.py",
        "hashed_secret": "3e03688411a095a068b8761bfb175249c29b66f6",
        "is_verified": false,
        "line_number": 30
      },
      {
        "type": "Hex High Entropy String",
        "filename": "benchmarks/harmbench/operations/qwen/qwen_harmbench_worker.py",
        "hashed_secret": "0b60ca28cc098c3be695911ee34cf9d62e58ba45",
        "is_verified": false,
        "line_number": 31
      }
    ],
    "benchmarks/harmbench/operations/ultra/download_ultra.py": [
      {
        "type": "Hex High Entropy String",
        "filename": "benchmarks/harmbench/operations/ultra/download_ultra.py",
        "hashed_secret": "1617d0d314476d6cb062ee047040c1e58ad5a2de",
        "is_verified": false,
        "line_number": 15
      }
    ],
    "benchmarks/harmbench/operations/ultra/download_ultra_bf16.py": [
      {
        "type": "Hex High Entropy String",
        "filename": "benchmarks/harmbench/operations/ultra/download_ultra_bf16.py",
        "hashed_secret": "aff9ce71c9eb4b491c9b35910f88db17aa775686",
        "is_verified": false,
        "line_number": 15
      }
    ],
    "benchmarks/harmbench/operations/ultra/modal_ultra_whitebox.py": [
      {
        "type": "Hex High Entropy String",
        "filename": "benchmarks/harmbench/operations/ultra/modal_ultra_whitebox.py",
        "hashed_secret": "aff9ce71c9eb4b491c9b35910f88db17aa775686",
        "is_verified": false,
        "line_number": 21
      }
    ],
    "benchmarks/harmbench/operations/ultra/receipts/nvfp4-gradient-failure-receipt.json": [
      {
        "type": "Hex High Entropy String",
        "filename": "benchmarks/harmbench/operations/ultra/receipts/nvfp4-gradient-failure-receipt.json",
        "hashed_secret": "1617d0d314476d6cb062ee047040c1e58ad5a2de",
        "is_verified": false,
        "line_number": 11
      },
      {
        "type": "Hex High Entropy String",
        "filename": "benchmarks/harmbench/operations/ultra/receipts/nvfp4-gradient-failure-receipt.json",
        "hashed_secret": "0f9cd3c2ecb37fa276c89de0f1693131ac65b2fb",
        "is_verified": false,
        "line_number": 14
      },
      {
        "type": "Hex High Entropy String",
        "filename": "benchmarks/harmbench/operations/ultra/receipts/nvfp4-gradient-failure-receipt.json",
        "hashed_secret": "aff9ce71c9eb4b491c9b35910f88db17aa775686",
        "is_verified": false,
        "line_number": 32
      }
    ],
    "benchmarks/harmbench/operations/ultra/ultra_gradient_canary_worker.py": [
      {
        "type": "Hex High Entropy String",
        "filename": "benchmarks/harmbench/operations/ultra/ultra_gradient_canary_worker.py",
        "hashed_secret": "aff9ce71c9eb4b491c9b35910f88db17aa775686",
        "is_verified": false,
        "line_number": 15
      }
    ],
    "benchmarks/harmbench/pap.py": [
      {
        "type": "Hex High Entropy String",
        "filename": "benchmarks/harmbench/pap.py",
        "hashed_secret": "2e0329a9ab25e235374df6bf0adf5af1d826701a",
        "is_verified": false,
        "line_number": 18
      }
    ],
    "benchmarks/harmbench/prepare_human_jailbreaks.py": [
      {
        "type": "Hex High Entropy String",
        "filename": "benchmarks/harmbench/prepare_human_jailbreaks.py",
        "hashed_secret": "fcf6dba90a21ff706b2d070a993330714e5b1d3d",
        "is_verified": false,
        "line_number": 27
      },
      {
        "type": "Hex High Entropy String",
        "filename": "benchmarks/harmbench/prepare_human_jailbreaks.py",
        "hashed_secret": "1d0ecd3b12ec780c68697b46d5a100c45c647a62",
        "is_verified": false,
        "line_number": 28
      }
    ],
    "benchmarks/harmbench/prepare_multimodal_source.py": [
      {
        "type": "Hex High Entropy String",
        "filename": "benchmarks/harmbench/prepare_multimodal_source.py",
        "hashed_secret": "3b0c105e7a0ef7e89e3ee1ba05aa85137fa05d78",
        "is_verified": false,
        "line_number": 23
      }
    ],
    "benchmarks/harmbench/ultra_whitebox.py": [
      {
        "type": "Hex High Entropy String",
        "filename": "benchmarks/harmbench/ultra_whitebox.py",
        "hashed_secret": "1617d0d314476d6cb062ee047040c1e58ad5a2de",
        "is_verified": false,
        "line_number": 28
      },
      {
        "type": "Hex High Entropy String",
        "filename": "benchmarks/harmbench/ultra_whitebox.py",
        "hashed_secret": "aff9ce71c9eb4b491c9b35910f88db17aa775686",
        "is_verified": false,
        "line_number": 30
      },
      {
        "type": "Hex High Entropy String",
        "filename": "benchmarks/harmbench/ultra_whitebox.py",
        "hashed_secret": "c5d6cb8b8ada278f0a4b122d0b53ce8523c9f5e2",
        "is_verified": false,
        "line_number": 33
      },
      {
        "type": "Hex High Entropy String",
        "filename": "benchmarks/harmbench/ultra_whitebox.py",
        "hashed_secret": "07923248a95171f6d26a14e085f436048d5915fd",
        "is_verified": false,
        "line_number": 55
      },
      {
        "type": "Hex High Entropy String",
        "filename": "benchmarks/harmbench/ultra_whitebox.py",
        "hashed_secret": "dc473c88b589e7ee3c728f6dc2e988892ce75760",
        "is_verified": false,
        "line_number": 62
      },
      {
        "type": "Hex High Entropy String",
        "filename": "benchmarks/harmbench/ultra_whitebox.py",
        "hashed_secret": "6ac97a860265faa37f7b443a2a6d6ed45c311f3d",
        "is_verified": false,
        "line_number": 70
      },
      {
        "type": "Hex High Entropy String",
        "filename": "benchmarks/harmbench/ultra_whitebox.py",
        "hashed_secret": "5c505e584efd58790d3867d7d40543e492b246c6",
        "is_verified": false,
        "line_number": 77
      },
      {
        "type": "Hex High Entropy String",
        "filename": "benchmarks/harmbench/ultra_whitebox.py",
        "hashed_secret": "15c04fd8dcd88aec26e17931432c27c42f49c416",
        "is_verified": false,
        "line_number": 84
      },
      {
        "type": "Hex High Entropy String",
        "filename": "benchmarks/harmbench/ultra_whitebox.py",
        "hashed_secret": "4407f8de074926464df3d1c6a2770a7cde394e5a",
        "is_verified": false,
        "line_number": 91
      },
      {
        "type": "Hex High Entropy String",
        "filename": "benchmarks/harmbench/ultra_whitebox.py",
        "hashed_secret": "ad766441df819d7ac1bb0bc5efbd0438ad7abfc6",
        "is_verified": false,
        "line_number": 98
      },
      {
        "type": "Hex High Entropy String",
        "filename": "benchmarks/harmbench/ultra_whitebox.py",
        "hashed_secret": "3f9020e4a9291ee1b7ebb17636ceaaaeb932b8f5",
        "is_verified": false,
        "line_number": 105
      }
    ],
    "benchmarks/harmbench/zero_shot.py": [
      {
        "type": "Hex High Entropy String",
        "filename": "benchmarks/harmbench/zero_shot.py",
        "hashed_secret": "c2ecdeec0864921ccf269abd556b1fad2c4453a4",
        "is_verified": false,
        "line_number": 16
      },
      {
        "type": "Hex High Entropy String",
        "filename": "benchmarks/harmbench/zero_shot.py",
        "hashed_secret": "1d0ecd3b12ec780c68697b46d5a100c45c647a62",
        "is_verified": false,
        "line_number": 18
      }
    ],
    "benchmarks/terminal_bench_4/manifest.json": [
      {
        "type": "Hex High Entropy String",
        "filename": "benchmarks/terminal_bench_4/manifest.json",
        "hashed_secret": "841e21c989b9a62a4c8b03826dea1278c5c2f808",
        "is_verified": false,
        "line_number": 4
      }
    ],
    "nemo_gym/token_id_capture/staging/conformance/golden_vectors.json": [
      {
        "type": "Hex High Entropy String",
        "filename": "nemo_gym/token_id_capture/staging/conformance/golden_vectors.json",
        "hashed_secret": "f7ba24f94926a8d4ddbf7eb5654d19fbbdce69ce",
        "is_verified": false,
        "line_number": 8
      },
      {
        "type": "Hex High Entropy String",
        "filename": "nemo_gym/token_id_capture/staging/conformance/golden_vectors.json",
        "hashed_secret": "7858159189faf7ae60c6d54bb5e8030934fe539f",
        "is_verified": false,
        "line_number": 28
      }
    ],
    "resources_servers/terminal_bench_4/task.py": [
      {
        "type": "Base64 High Entropy String",
        "filename": "resources_servers/terminal_bench_4/task.py",
        "hashed_secret": "6efaabfdf7a85c40feb7bcd2b149e965fe345fbb",
        "is_verified": false,
        "line_number": 283
      }
    ]
  },
  "generated_at": "2026-09-21T04:25:29Z"
}
