{
  "version": "1.5.0",
  "plugins_used": [
    {
      "name": "ArtifactoryDetector"
    },
    {
      "name": "AWSKeyDetector"
    },
    {
      "name": "AzureStorageKeyDetector"
    },
    {
      "name": "Base64HighEntropyString",
      "limit": 4.5
    },
    {
      "name": "BasicAuthDetector"
    },
    {
      "name": "CloudantDetector"
    },
    {
      "name": "DiscordBotTokenDetector"
    },
    {
      "name": "GitHubTokenDetector"
    },
    {
      "name": "GitLabTokenDetector"
    },
    {
      "name": "HexHighEntropyString",
      "limit": 3.0
    },
    {
      "name": "IbmCloudIamDetector"
    },
    {
      "name": "IbmCosHmacDetector"
    },
    {
      "name": "IPPublicDetector"
    },
    {
      "name": "JwtTokenDetector"
    },
    {
      "name": "MailchimpDetector"
    },
    {
      "name": "NpmDetector"
    },
    {
      "name": "OpenAIDetector"
    },
    {
      "name": "PrivateKeyDetector"
    },
    {
      "name": "PypiTokenDetector"
    },
    {
      "name": "SendGridDetector"
    },
    {
      "name": "SlackDetector"
    },
    {
      "name": "SoftlayerDetector"
    },
    {
      "name": "SquareOAuthDetector"
    },
    {
      "name": "StripeDetector"
    },
    {
      "name": "TelegramBotTokenDetector"
    },
    {
      "name": "TwilioKeyDetector"
    }
  ],
  "filters_used": [
    {
      "path": "detect_secrets.filters.allowlist.is_line_allowlisted"
    },
    {
      "path": "detect_secrets.filters.common.is_ignored_due_to_verification_policies",
      "min_level": 2
    },
    {
      "path": "detect_secrets.filters.heuristic.is_indirect_reference"
    },
    {
      "path": "detect_secrets.filters.heuristic.is_likely_id_string"
    },
    {
      "path": "detect_secrets.filters.heuristic.is_lock_file"
    },
    {
      "path": "detect_secrets.filters.heuristic.is_not_alphanumeric_string"
    },
    {
      "path": "detect_secrets.filters.heuristic.is_potential_uuid"
    },
    {
      "path": "detect_secrets.filters.heuristic.is_prefixed_with_dollar_sign"
    },
    {
      "path": "detect_secrets.filters.heuristic.is_sequential_string"
    },
    {
      "path": "detect_secrets.filters.heuristic.is_swagger_file"
    },
    {
      "path": "detect_secrets.filters.heuristic.is_templated_secret"
    },
    {
      "path": "detect_secrets.filters.regex.should_exclude_file",
      "pattern": [
        "pyproject\\.toml|\\.github/workflows/config/\\.secrets\\.baseline|\\.oms\\.sig$"
      ]
    },
    {
      "path": "detect_secrets.filters.common.is_baseline_file",
      "filename": ".github/workflows/config/.secrets.baseline"
    }
  ],
  "results": {
    "benchmarks/agentdyn/baseline-manifest-20260919.json": [
      {
        "type": "Hex High Entropy String",
        "filename": "benchmarks/agentdyn/baseline-manifest-20260919.json",
        "hashed_secret": "6695ccdcd525c5b8b027a7d6510b070882ab720f",
        "is_verified": false,
        "line_number": 10
      },
      {
        "type": "Hex High Entropy String",
        "filename": "benchmarks/agentdyn/baseline-manifest-20260919.json",
        "hashed_secret": "3526cc2433a275995ee503010b9cabd3d9d9e93f",
        "is_verified": false,
        "line_number": 11
      },
      {
        "type": "Hex High Entropy String",
        "filename": "benchmarks/agentdyn/baseline-manifest-20260919.json",
        "hashed_secret": "266504e580fbeb86d341a519755d9f66c75ae8e6",
        "is_verified": false,
        "line_number": 16
      },
      {
        "type": "Hex High Entropy String",
        "filename": "benchmarks/agentdyn/baseline-manifest-20260919.json",
        "hashed_secret": "cf15e944b11ac40a3d373755d374d3c82ab7536c",
        "is_verified": false,
        "line_number": 17
      },
      {
        "type": "Hex High Entropy String",
        "filename": "benchmarks/agentdyn/baseline-manifest-20260919.json",
        "hashed_secret": "46086efb1fc9d3c3928b7a423a84062bb8c1f2d5",
        "is_verified": false,
        "line_number": 18
      },
      {
        "type": "Hex High Entropy String",
        "filename": "benchmarks/agentdyn/baseline-manifest-20260919.json",
        "hashed_secret": "89664049d5b8f328135e211488a6bed7d452645c",
        "is_verified": false,
        "line_number": 26
      },
      {
        "type": "Hex High Entropy String",
        "filename": "benchmarks/agentdyn/baseline-manifest-20260919.json",
        "hashed_secret": "5420806e22c8eaa01982ce3a9472ba0a4da8c452",
        "is_verified": false,
        "line_number": 27
      },
      {
        "type": "Hex High Entropy String",
        "filename": "benchmarks/agentdyn/baseline-manifest-20260919.json",
        "hashed_secret": "eee49fda90d2a0019a00b051c0406832653bdad3",
        "is_verified": false,
        "line_number": 28
      },
      {
        "type": "Hex High Entropy String",
        "filename": "benchmarks/agentdyn/baseline-manifest-20260919.json",
        "hashed_secret": "f784ff7309810b698a851386792f66e6d708b03f",
        "is_verified": false,
        "line_number": 36
      },
      {
        "type": "Hex High Entropy String",
        "filename": "benchmarks/agentdyn/baseline-manifest-20260919.json",
        "hashed_secret": "ce01128d6e4df403242e2073a731b7e7446dce5c",
        "is_verified": false,
        "line_number": 37
      },
      {
        "type": "Hex High Entropy String",
        "filename": "benchmarks/agentdyn/baseline-manifest-20260919.json",
        "hashed_secret": "a7e60aa4b052048c7a837a13a7e4030d38df6f6b",
        "is_verified": false,
        "line_number": 38
      },
      {
        "type": "Hex High Entropy String",
        "filename": "benchmarks/agentdyn/baseline-manifest-20260919.json",
        "hashed_secret": "b6cd63902afa80e6b0de5e6b60ab46d4bdc55d14",
        "is_verified": false,
        "line_number": 46
      },
      {
        "type": "Hex High Entropy String",
        "filename": "benchmarks/agentdyn/baseline-manifest-20260919.json",
        "hashed_secret": "232c1659a9a06267a8a4103f96dc417691359526",
        "is_verified": false,
        "line_number": 47
      },
      {
        "type": "Hex High Entropy String",
        "filename": "benchmarks/agentdyn/baseline-manifest-20260919.json",
        "hashed_secret": "d11c428ae670d72f3a39a4dbc641f71a893152fc",
        "is_verified": false,
        "line_number": 48
      }
    ],
    "benchmarks/terminal_bench_4/manifest.json": [
      {
        "type": "Hex High Entropy String",
        "filename": "benchmarks/terminal_bench_4/manifest.json",
        "hashed_secret": "841e21c989b9a62a4c8b03826dea1278c5c2f808",
        "is_verified": false,
        "line_number": 4,
        "is_secret": false
      }
    ],
    "nemo_gym/token_id_capture/staging/conformance/golden_vectors.json": [
      {
        "type": "Hex High Entropy String",
        "filename": "nemo_gym/token_id_capture/staging/conformance/golden_vectors.json",
        "hashed_secret": "f7ba24f94926a8d4ddbf7eb5654d19fbbdce69ce",
        "is_verified": false,
        "line_number": 8
      },
      {
        "type": "Hex High Entropy String",
        "filename": "nemo_gym/token_id_capture/staging/conformance/golden_vectors.json",
        "hashed_secret": "7858159189faf7ae60c6d54bb5e8030934fe539f",
        "is_verified": false,
        "line_number": 28
      }
    ],
    "resources_servers/terminal_bench_4/task.py": [
      {
        "type": "Base64 High Entropy String",
        "filename": "resources_servers/terminal_bench_4/task.py",
        "hashed_secret": "6efaabfdf7a85c40feb7bcd2b149e965fe345fbb",
        "is_verified": false,
        "line_number": 283,
        "is_secret": false
      }
    ]
  },
  "generated_at": "2026-09-19T17:28:08Z"
}
